******************************************************************************
             TMS320C2000 Linker PC v22.6.0                     
******************************************************************************
>> Linked Wed Jan 24 22:53:59 2024

OUTPUT FILE NAME:   <F28075.out>
ENTRY POINT SYMBOL: "_c_int00"  address: 0008202c


MEMORY CONFIGURATION

         name            origin    length      used     unused   attr    fill
----------------------  --------  ---------  --------  --------  ----  --------
PAGE 0:
  RAMM0                 00000122   000002de  00000000  000002de  RWIX
  RAMLS0                00008000   00000800  00000000  00000800  RWIX
  RAMLS1                00008800   00000800  00000000  00000800  RWIX
  RAMLS2                00009000   00000800  00000000  00000800  RWIX
  RAMLS3                00009800   00000800  00000000  00000800  RWIX
  RAMLS4                0000a000   00000800  00000000  00000800  RWIX
  RAMD0                 0000b000   00000800  00000000  00000800  RWIX
  BEGIN                 00080000   00000002  00000000  00000002  RWIX
  FLASHA                00080002   00001ffe  00000000  00001ffe  RWIX
  FLASHB                00082000   00002000  00000117  00001ee9  RWIX
  FLASHC                00084000   00002000  00000000  00002000  RWIX
  FLASHD                00086000   00002000  00000000  00002000  RWIX
  FLASHE                00088000   00008000  00000000  00008000  RWIX
  FLASHF                00090000   00008000  00000000  00008000  RWIX
  FLASHG                00098000   00008000  00000000  00008000  RWIX
  FLASHH                000a0000   00008000  00000000  00008000  RWIX
  FLASHI                000a8000   00008000  00000000  00008000  RWIX
  FLASHJ                000b0000   00008000  00000000  00008000  RWIX
  FLASHK                000b8000   00002000  00000000  00002000  RWIX
  FLASHL                000ba000   00002000  00000000  00002000  RWIX
  FLASHM                000bc000   00002000  00000000  00002000  RWIX
  FLASHN                000be000   00001ff0  00000000  00001ff0  RWIX
  FLASHN_DO_NOT_USE     000bfff0   00000010  00000000  00000010  RWIX
  RESET                 003fffc0   00000002  00000000  00000002  RWIX

PAGE 1:
  BOOT_RSVD             00000002   00000120  00000000  00000120  RWIX
  RAMM1                 00000400   00000400  00000200  00000200  RWIX
  RAMLS5                0000a800   00000800  00000034  000007cc  RWIX
  RAMD1                 0000b800   00000800  00000000  00000800  RWIX
  RAMGS0                0000c000   00001000  00000000  00001000  RWIX
  RAMGS1                0000d000   00001000  00000000  00001000  RWIX
  RAMGS2                0000e000   00001000  00000000  00001000  RWIX
  RAMGS3                0000f000   00001000  00000000  00001000  RWIX
  RAMGS4                00010000   00001000  00000000  00001000  RWIX
  RAMGS5                00011000   00001000  00000000  00001000  RWIX
  RAMGS6                00012000   00001000  00000000  00001000  RWIX
  RAMGS7                00013000   00001000  00000000  00001000  RWIX


SECTION ALLOCATION MAP

 output                                  attributes/
section   page    origin      length       input sections
--------  ----  ----------  ----------   ----------------
.cinit     0    00082000    0000002a     
                  00082000    0000000e     rts2800_fpu32.lib : exit.c.obj (.cinit)
                  0008200e    00000008     main.obj (.cinit)
                  00082016    00000005     rts2800_fpu32.lib : _lock.c.obj (.cinit:__lock)
                  0008201b    00000005                       : _lock.c.obj (.cinit:__unlock)
                  00082020    00000004     main.obj (.cinit:_arrayv)
                  00082024    00000004     main.obj (.cinit:_structv)
                  00082028    00000002     --HOLE-- [fill = 0]

.pinit     0    00082000    00000000     UNINITIALIZED

.TI.ramfunc 
*          0    00008000    00000000     UNINITIALIZED

.stack     1    00000400    00000200     UNINITIALIZED
                  00000400    00000200     --HOLE--

.reset     0    003fffc0    00000002     DSECT
                  003fffc0    00000002     rts2800_fpu32.lib : boot28.asm.obj (.reset)

.TI.memcrc 
*          0    00000000    00000066     COPY SECTION
                  00000000    00000066     (.TI.memcrc:_ccs_flash_checksum)

.text      0    0008202c    000000ed     
                  0008202c    00000056     rts2800_fpu32.lib : boot28.asm.obj (.text)
                  00082082    00000029                       : exit.c.obj (.text)
                  000820ab    00000024                       : cpy_tbl.c.obj (.text)
                  000820cf    0000001d                       : memcpy.c.obj (.text)
                  000820ec    00000012                       : args_main.c.obj (.text)
                  000820fe    0000000f     main.obj (.text)
                  0008210d    00000009     rts2800_fpu32.lib : _lock.c.obj (.text)
                  00082116    00000002                       : pre_init.c.obj (.text)
                  00082118    00000001                       : startup.c.obj (.text)

.ebss      1    0000a800    00000034     UNINITIALIZED
                  0000a800    0000001c     main.obj (.ebss)
                  0000a81c    0000000a     main.obj (.ebss:_arrayv)
                  0000a826    00000006     rts2800_fpu32.lib : exit.c.obj (.ebss)
                  0000a82c    00000004     main.obj (.ebss:_structv)
                  0000a830    00000002     rts2800_fpu32.lib : _lock.c.obj (.ebss:__lock)
                  0000a832    00000002                       : _lock.c.obj (.ebss:__unlock)

MODULE SUMMARY

       Module            code   initialized data   uninitialized data
       ------            ----   ----------------   ------------------
    .\Source\
       main.obj          15     16                 42                
    +--+-----------------+------+------------------+--------------------+
       Total:            15     16                 42                
                                                                     
    D:\ti\ccs1240\ccs\tools\compiler\ti-cgt-c2000_22.6.0.LTS\lib\rts2800_fpu32.lib
       boot28.asm.obj    86     0                  0                 
       exit.c.obj        41     14                 6                 
       cpy_tbl.c.obj     36     0                  0                 
       memcpy.c.obj      29     0                  0                 
       _lock.c.obj       9      10                 4                 
       args_main.c.obj   18     0                  0                 
       pre_init.c.obj    2      0                  0                 
       startup.c.obj     1      0                  0                 
    +--+-----------------+------+------------------+--------------------+
       Total:            222    24                 10                
                                                                     
       Stack:            0      0                  512               
    +--+-----------------+------+------------------+--------------------+
       Grand Total:      237    40                 564               


LINKER GENERATED MEMRANGE CRC TABLES

_ccs_flash_checksum @ 00000000 records: 16, size/record: 6, table size: 102, algorithm=C28_CHECKSUM_16(ID=13), CRC: 0000f214
	BEGIN: page=0, load addr=00080000, size=00000002
	FLASHA: page=0, load addr=00080002, size=00001ffe
	FLASHB: page=0, load addr=00082000, size=00002000
	FLASHC: page=0, load addr=00084000, size=00002000
	FLASHD: page=0, load addr=00086000, size=00002000
	FLASHE: page=0, load addr=00088000, size=00008000
	FLASHF: page=0, load addr=00090000, size=00008000
	FLASHG: page=0, load addr=00098000, size=00008000
	FLASHH: page=0, load addr=000a0000, size=00008000
	FLASHI: page=0, load addr=000a8000, size=00008000
	FLASHJ: page=0, load addr=000b0000, size=00008000
	FLASHK: page=0, load addr=000b8000, size=00002000
	FLASHL: page=0, load addr=000ba000, size=00002000
	FLASHM: page=0, load addr=000bc000, size=00002000
	FLASHN: page=0, load addr=000be000, size=00001ff0
	FLASHN_DO_NOT_USE: page=0, load addr=000bfff0, size=00000010


GLOBAL DATA SYMBOLS: SORTED BY DATA PAGE

address     data page           name
--------    ----------------    ----
00000400      10 (00000400)     __stack

0000a800     2a0 (0000a800)     _coffv
0000a801     2a0 (0000a800)     _objclass
0000a81c     2a0 (0000a800)     _arrayv
0000a826     2a0 (0000a800)     ___TI_enable_exit_profile_output
0000a828     2a0 (0000a800)     ___TI_cleanup_ptr
0000a82a     2a0 (0000a800)     ___TI_dtors_ptr
0000a82c     2a0 (0000a800)     _structv
0000a830     2a0 (0000a800)     __lock
0000a832     2a0 (0000a800)     __unlock


GLOBAL SYMBOLS: SORTED ALPHABETICALLY BY Name 

page  address   name                                 
----  -------   ----                                 
abs   ffffffff  .text                                
0     00082082  C$$EXIT                              
0     00008000  _RamfuncsLoadEnd                     
abs   00000000  _RamfuncsLoadSize                    
0     00008000  _RamfuncsLoadStart                   
0     00008000  _RamfuncsRunEnd                      
abs   00000000  _RamfuncsRunSize                     
0     00008000  _RamfuncsRunStart                    
1     00000600  __STACK_END                          
abs   00000200  __STACK_SIZE                         
0     00000000  __TI_MEMRANGE_CRC__ccs_flash_checksum
1     0000a828  ___TI_cleanup_ptr                    
1     0000a82a  ___TI_dtors_ptr                      
1     0000a826  ___TI_enable_exit_profile_output     
abs   ffffffff  ___TI_pprof_out_hndl                 
abs   ffffffff  ___TI_prof_data_size                 
abs   ffffffff  ___TI_prof_data_start                
abs   ffffffff  ___binit__                           
abs   ffffffff  ___c_args__                          
0     00082000  ___cinit__                           
abs   ffffffff  ___etext__                           
abs   ffffffff  ___pinit__                           
abs   ffffffff  ___text__                            
0     000820ec  __args_main                          
1     0000a830  __lock                               
0     00082115  __nop                                
0     00082111  __register_lock                      
0     0008210d  __register_unlock                    
1     00000400  __stack                              
0     00082118  __system_post_cinit                  
0     00082116  __system_pre_init                    
1     0000a832  __unlock                             
0     00082082  _abort                               
1     0000a81c  _arrayv                              
0     0008202c  _c_int00                             
0     00000000  _ccs_flash_checksum                  
1     0000a800  _coffv                               
0     000820ab  _copy_in                             
0     00082084  _exit                                
0     000820fe  _main                                
0     000820cf  _memcpy                              
1     0000a801  _objclass                            
1     0000a82c  _structv                             
abs   ffffffff  binit                                
0     00082000  cinit                                
abs   ffffffff  etext                                
abs   ffffffff  pinit                                


GLOBAL SYMBOLS: SORTED BY Symbol Address 

page  address   name                                 
----  -------   ----                                 
0     00000000  __TI_MEMRANGE_CRC__ccs_flash_checksum
0     00000000  _ccs_flash_checksum                  
0     00008000  _RamfuncsLoadEnd                     
0     00008000  _RamfuncsLoadStart                   
0     00008000  _RamfuncsRunEnd                      
0     00008000  _RamfuncsRunStart                    
0     00082000  ___cinit__                           
0     00082000  cinit                                
0     0008202c  _c_int00                             
0     00082082  C$$EXIT                              
0     00082082  _abort                               
0     00082084  _exit                                
0     000820ab  _copy_in                             
0     000820cf  _memcpy                              
0     000820ec  __args_main                          
0     000820fe  _main                                
0     0008210d  __register_unlock                    
0     00082111  __register_lock                      
0     00082115  __nop                                
0     00082116  __system_pre_init                    
0     00082118  __system_post_cinit                  
1     00000400  __stack                              
1     00000600  __STACK_END                          
1     0000a800  _coffv                               
1     0000a801  _objclass                            
1     0000a81c  _arrayv                              
1     0000a826  ___TI_enable_exit_profile_output     
1     0000a828  ___TI_cleanup_ptr                    
1     0000a82a  ___TI_dtors_ptr                      
1     0000a82c  _structv                             
1     0000a830  __lock                               
1     0000a832  __unlock                             
abs   00000000  _RamfuncsLoadSize                    
abs   00000000  _RamfuncsRunSize                     
abs   00000200  __STACK_SIZE                         
abs   ffffffff  .text                                
abs   ffffffff  ___TI_pprof_out_hndl                 
abs   ffffffff  ___TI_prof_data_size                 
abs   ffffffff  ___TI_prof_data_start                
abs   ffffffff  ___binit__                           
abs   ffffffff  ___c_args__                          
abs   ffffffff  ___etext__                           
abs   ffffffff  ___pinit__                           
abs   ffffffff  ___text__                            
abs   ffffffff  binit                                
abs   ffffffff  etext                                
abs   ffffffff  pinit                                

[47 symbols]
